
> lms-saas@0.1.0 build
> npx prisma generate && next build

node.exe : Loaded 
Prisma config from 
prisma.config.ts.
At line:1 char:1
+ & "C:\Program Files
\nodejs/node.exe" 
"C:\Users\AL AZIZ 
TECH\AppData\R ...
+ ~~~~~~~~~~~~~~~~~~~
~~~~~~~~~~~~~~~~~~~~~
~~~~~~~~~~~~~~~~~~~~~
~~~~~~~~
    + CategoryInfo   
           : NotSpe  
  cified: (Loaded    
 Prisma c...isma.    
config.ts.:Strin    
g) [], RemoteExc    
eption
    + FullyQualified 
   ErrorId : Native  
  CommandError
 

Prisma schema loaded 
from 
prisma\schema.prisma.
warn Preview feature 
"driverAdapters" is 
deprecated. The 
functionality can be 
used without 
specifying it as a 
preview feature.
warn Preview feature 
"driverAdapters" is 
deprecated. The 
functionality can be 
used without 
specifying it as a 
preview feature.

Γ£ö Generated Prisma Client (v7.3.0) to .\node_modules\@prisma\client in 600ms

Γ£ö Generated Prisma Client (v7.3.0) to .\src\lib\prisma in 856ms

Start by importing your Prisma Client (See: https://pris.ly/d/importing-client)


Γû▓ Next.js 16.1.6 (Turbopack)
- Environments: .env

ΓÜá The "middleware" 
file convention is 
deprecated. Please 
use "proxy" instead. 
Learn more: https://n
extjs.org/docs/messag
es/middleware-to-prox
y
  Creating an optimized production build ...
Γ£ô Compiled successfully in 46s
  Running TypeScript ...
  Collecting page data using 11 workers ...
[UPLOADTHING_ROUTE] Token present: true
  Generating static pages using 11 workers (0/53) ...
[GET_COURSES_WITH_PROGRESS] Auth error (ignoring for guest): Error: Dynamic server usage: Route /courses couldn't be rendered statically because it used `headers`. See more info here: https://nextjs.org/docs/messages/dynamic-server-error
    at m (D:\NextJSProjects\lms-saas\.next\server\chunks\ssr\_0298b00f._.js:1:42549)
    at <unknown> (D:\NextJSProjects\lms-saas\.next\server\chunks\ssr\_0298b00f._.js:404:58682)
    at i (D:\NextJSProjects\lms-saas\.next\server\chunks\ssr\_453559d1._.js:1:199)
    at h (D:\NextJSProjects\lms-saas\.next\server\chunks\ssr\[root-of-the-server]__e73c05ed._.js:1:1410)
    at stringify (<anonymous>) {
  description: "Route /courses couldn't be rendered statically because it used `headers`. See more info here: https://nextjs.org/docs/messages/dynamic-server-error",
  digest: 'DYNAMIC_SERVER_USAGE'
}
  Generating static pages using 11 workers (13/53) 
  Generating static pages using 11 workers (26/53) 
  Generating static pages using 11 workers (39/53) 
[GET_ADMIN_PURCHASES_ERROR] Error: Dynamic server usage: Route /admin/payments couldn't be rendered statically because it used `headers`. See more info here: https://nextjs.org/docs/messages/dynamic-server-error
    at m (D:\NextJSProjects\lms-saas\.next\server\chunks\ssr\_0298b00f._.js:1:42549)
    at <unknown> (D:\NextJSProjects\lms-saas\.next\server\chunks\ssr\_0298b00f._.js:404:58682)
    at p (D:\NextJSProjects\lms-saas\.next\server\chunks\ssr\_4343866f._.js:1:6761)
    at h (D:\NextJSProjects\lms-saas\.next\server\chunks\ssr\[root-of-the-server]__60fcec6f._.js:1:1528)
    at stringify (<anonymous>) {
  description: "Route /admin/payments couldn't be rendered statically because it used `headers`. See more info here: https://nextjs.org/docs/messages/dynamic-server-error",
  digest: 'DYNAMIC_SERVER_USAGE'
}
[UPLOADTHING_ROUTE] Token present: true
[GET_LEARNING_PATHS] Fetching paths...
[GET_LEARNING_PATHS] Found 1 paths
Γ£ô Generating static pages using 11 workers (53/53) in 6.1s
  Finalizing page optimization ...

Route (app)
Γöî ╞Æ /
Γö£ ╞Æ /_not-found
Γö£ ╞Æ /admin
Γö£ ╞Æ /admin/categories
Γö£ ╞Æ /admin/certificates
Γö£ ╞Æ /admin/contacts
Γö£ ╞Æ /admin/coupons
Γö£ ╞Æ /admin/courses
Γö£ ╞Æ /admin/courses/[courseId]/detail
Γö£ ╞Æ /admin/courses/[courseId]/edit
Γö£ ╞Æ /admin/courses/create
Γö£ ╞Æ /admin/courses/tags
Γö£ ╞Æ /admin/financials
Γö£ ╞Æ /admin/groups
Γö£ ╞Æ /admin/groups/[id]
Γö£ ╞Æ /admin/groups/categories
Γö£ ╞Æ /admin/groups/tags
Γö£ ╞Æ /admin/learning-paths
Γö£ ╞Æ /admin/learning-paths/[pathId]
Γö£ ╞Æ /admin/lessons
Γö£ ╞Æ /admin/lessons/[lessonId]/edit
Γö£ ╞Æ /admin/notifications
Γö£ ╞Æ /admin/payments
Γö£ ╞Æ /admin/quizzes
Γö£ ╞Æ /admin/quizzes/[quizId]
Γö£ ╞Æ /admin/reports
Γö£ ╞Æ /admin/settings
Γö£ ╞Æ /admin/tools
Γö£ ╞Æ /admin/topics
Γö£ ╞Æ /admin/topics/[topicId]/edit
Γö£ ╞Æ /admin/user-types
Γö£ ╞Æ /admin/users
Γö£ ╞Æ /admin/users/administrator
Γö£ ╞Æ /admin/users/instructor
Γö£ ╞Æ /admin/users/learner
Γö£ ╞Æ /admin/users/my-info
Γö£ ╞Æ /api/auth/[...nextauth]
Γö£ ╞Æ /api/notifications/sse
Γö£ ╞Æ /api/uploadthing
Γö£ ╞Æ /api/webhook/stripe
Γö£ ╞Æ /auth/forgot-password
Γö£ ╞Æ /auth/login
Γö£ ╞Æ /auth/new-password
Γö£ ╞Æ /auth/new-verification
Γö£ ╞Æ /auth/register
Γö£ ╞Æ /certificates/[code]
Γö£ ╞Æ /checkout/[courseId]
Γö£ ╞Æ /courses
Γö£ ╞Æ /courses/[courseId]
Γö£ ╞Æ /courses/[courseId]/topics/[topicId]
Γö£ ╞Æ /dashboard
Γö£ ╞Æ /instructor
Γö£ ╞Æ /instructor/analytics
Γö£ ╞Æ /instructor/courses
Γö£ ╞Æ /instructor/notifications
Γö£ ╞Æ /instructor/quizzes/[quizId]
Γö£ ╞Æ /instructor/revenue
Γö£ ╞Æ /payment/cancel
Γö£ ╞Æ /payment/guest-cod-success
Γö£ ╞Æ /payment/success
Γö£ ╞Æ /search
Γö£ ╞Æ /student
Γö£ ╞Æ /student/achievements
Γö£ ╞Æ /student/orders
Γöö ╞Æ /test-db


╞Æ Proxy (Middleware)

╞Æ  (Dynamic)  server-rendered on demand

