src/app/(dashboard)/admin/courses/[courseId]/edit/page.tsx(19,8): error TS2307: Cannot find module '@/components/ui/form' or its corresponding type declarations.
src/app/(dashboard)/admin/courses/[courseId]/edit/page.tsx(20,23): error TS2307: Cannot find module '@/components/ui/input' or its corresponding type declarations.
src/app/(dashboard)/admin/courses/[courseId]/edit/page.tsx(21,24): error TS2307: Cannot find module '@/components/ui/button' or its corresponding type declarations.
src/app/(dashboard)/admin/courses/[courseId]/edit/page.tsx(22,26): error TS2307: Cannot find module '@/components/ui/textarea' or its corresponding type declarations.
src/app/(dashboard)/admin/courses/[courseId]/edit/page.tsx(29,8): error TS2307: Cannot find module '@/components/ui/select' or its corresponding type declarations.
src/app/(dashboard)/admin/courses/[courseId]/edit/page.tsx(30,24): error TS2307: Cannot find module '@/components/ui/switch' or its corresponding type declarations.
src/app/(dashboard)/admin/courses/[courseId]/edit/page.tsx(31,35): error TS2307: Cannot find module '@/components/ui/card' or its corresponding type declarations.
src/app/(dashboard)/admin/courses/[courseId]/edit/page.tsx(32,45): error TS2307: Cannot find module '@/actions/course' or its corresponding type declarations.
src/app/(dashboard)/admin/courses/[courseId]/edit/page.tsx(33,31): error TS2307: Cannot find module '@/actions/admin' or its corresponding type declarations.
src/app/(dashboard)/admin/courses/[courseId]/edit/page.tsx(34,26): error TS2307: Cannot find module '@/actions/user' or its corresponding type declarations.
src/app/(dashboard)/admin/courses/[courseId]/edit/page.tsx(35,26): error TS2307: Cannot find module '@/lib/prisma' or its corresponding type declarations.
src/app/(dashboard)/admin/courses/[courseId]/edit/page.tsx(36,31): error TS2307: Cannot find module '@/actions/course-tags' or its corresponding type declarations.
src/app/(dashboard)/admin/courses/[courseId]/edit/page.tsx(37,26): error TS2307: Cannot find module '@/components/ui/checkbox' or its corresponding type declarations.
src/app/(dashboard)/admin/courses/create/page.tsx(19,8): error TS2307: Cannot find module '@/components/ui/form' or its corresponding type declarations.
src/app/(dashboard)/admin/courses/create/page.tsx(20,23): error TS2307: Cannot find module '@/components/ui/input' or its corresponding type declarations.
src/app/(dashboard)/admin/courses/create/page.tsx(21,24): error TS2307: Cannot find module '@/components/ui/button' or its corresponding type declarations.
src/app/(dashboard)/admin/courses/create/page.tsx(22,26): error TS2307: Cannot find module '@/components/ui/textarea' or its corresponding type declarations.
src/app/(dashboard)/admin/courses/create/page.tsx(29,8): error TS2307: Cannot find module '@/components/ui/select' or its corresponding type declarations.
src/app/(dashboard)/admin/courses/create/page.tsx(30,24): error TS2307: Cannot find module '@/components/ui/switch' or its corresponding type declarations.
src/app/(dashboard)/admin/courses/create/page.tsx(31,35): error TS2307: Cannot find module '@/components/ui/card' or its corresponding type declarations.
src/app/(dashboard)/admin/courses/create/page.tsx(32,44): error TS2307: Cannot find module '@/actions/course' or its corresponding type declarations.
src/app/(dashboard)/admin/courses/create/page.tsx(33,31): error TS2307: Cannot find module '@/actions/admin' or its corresponding type declarations.
src/app/(dashboard)/admin/courses/create/page.tsx(34,26): error TS2307: Cannot find module '@/actions/user' or its corresponding type declarations.
src/app/(dashboard)/admin/courses/create/page.tsx(35,26): error TS2307: Cannot find module '@/lib/prisma' or its corresponding type declarations.
src/app/(dashboard)/admin/courses/create/page.tsx(36,31): error TS2307: Cannot find module '@/actions/course-tags' or its corresponding type declarations.
src/app/(dashboard)/admin/courses/create/page.tsx(37,26): error TS2307: Cannot find module '@/components/ui/checkbox' or its corresponding type declarations.
